[full_paper_costs__pca5__s0] block 1 from 2003-02-10: oos_sharpe=+5.83 loss=-0.254
[full_paper_costs__pca5__s0] block 2 from 2003-08-08: oos_sharpe=+5.15 loss=-0.289
[full_paper_costs__pca5__s0] block 3 from 2004-02-06: oos_sharpe=+2.17 loss=-0.246
[full_paper_costs__pca5__s0] block 4 from 2004-08-06: oos_sharpe=+3.98 loss=-0.136
[full_paper_costs__pca5__s0] block 5 from 2005-02-03: oos_sharpe=+2.25 loss=-0.116
[full_paper_costs__pca5__s0] block 6 from 2005-08-03: oos_sharpe=+3.34 loss=-0.134
[full_paper_costs__pca5__s0] block 7 from 2006-02-01: oos_sharpe=-0.08 loss=-0.135
[full_paper_costs__pca5__s0] block 8 from 2006-08-01: oos_sharpe=+1.29 loss=-0.069
[full_paper_costs__pca5__s0] block 9 from 2007-01-31: oos_sharpe=-2.35 loss=-0.040
[full_paper_costs__pca5__s0] block 10 from 2007-07-31: oos_sharpe=+0.53 loss=0.056
[full_paper_costs__pca5__s0] block 11 from 2008-01-29: oos_sharpe=-0.23 loss=0.111
[full_paper_costs__pca5__s0] block 12 from 2008-07-28: oos_sharpe=-1.46 loss=0.087
[full_paper_costs__pca5__s0] block 13 from 2009-01-26: oos_sharpe=-2.18 loss=0.092
[full_paper_costs__pca5__s0] block 14 from 2009-07-24: oos_sharpe=+2.47 loss=0.037
[full_paper_costs__pca5__s0] block 15 from 2010-01-22: oos_sharpe=+1.81 loss=0.136
[full_paper_costs__pca5__s0] block 16 from 2010-07-22: oos_sharpe=+2.45 loss=-0.001
[full_paper_costs__pca5__s0] block 17 from 2011-01-19: oos_sharpe=+0.52 loss=-0.012
[full_paper_costs__pca5__s0] block 18 from 2011-07-19: oos_sharpe=-1.50 loss=0.131
[full_paper_costs__pca5__s0] block 19 from 2012-01-17: oos_sharpe=-0.37 loss=0.143
[full_paper_costs__pca5__s0] block 20 from 2012-07-16: oos_sharpe=-3.38 loss=0.113
[full_paper_costs__pca5__s0] block 21 from 2013-01-15: oos_sharpe=-0.88 loss=0.159
[full_paper_costs__pca5__s0] block 22 from 2013-07-16: oos_sharpe=+0.00 loss=0.138
[full_paper_costs__pca5__s0] block 23 from 2014-01-13: oos_sharpe=+0.87 loss=0.026
[full_paper_costs__pca5__s0] block 24 from 2014-07-14: oos_sharpe=-0.07 loss=-0.009
[full_paper_costs__pca5__s0] block 25 from 2015-01-09: oos_sharpe=-1.28 loss=0.177
[full_paper_costs__pca5__s0] block 26 from 2015-07-10: oos_sharpe=+2.71 loss=0.150
[full_paper_costs__pca5__s0] block 27 from 2016-01-07: oos_sharpe=-0.55 loss=0.138
[full_paper_costs__pca5__s0] block 28 from 2016-07-07: oos_sharpe=+2.59 loss=0.029
[full_paper_costs 1/2] full_paper_costs__pca5__s0: sharpe=0.61 net_sharpe=-1.10 (2661s)
[full_paper_costs__pca5__s1] block 1 from 2003-02-10: oos_sharpe=+4.06 loss=-0.260
[full_paper_costs__pca5__s1] block 2 from 2003-08-08: oos_sharpe=+5.18 loss=-0.257
[full_paper_costs__pca5__s1] block 3 from 2004-02-06: oos_sharpe=+1.64 loss=-0.234
[full_paper_costs__pca5__s1] block 4 from 2004-08-06: oos_sharpe=+4.16 loss=-0.198
[full_paper_costs__pca5__s1] block 5 from 2005-02-03: oos_sharpe=+3.00 loss=-0.152
[full_paper_costs__pca5__s1] block 6 from 2005-08-03: oos_sharpe=+2.27 loss=-0.097
[full_paper_costs__pca5__s1] block 7 from 2006-02-01: oos_sharpe=-1.27 loss=-0.091
[full_paper_costs__pca5__s1] block 8 from 2006-08-01: oos_sharpe=+0.53 loss=-0.066
[full_paper_costs__pca5__s1] block 9 from 2007-01-31: oos_sharpe=-2.51 loss=-0.028
[full_paper_costs__pca5__s1] block 10 from 2007-07-31: oos_sharpe=-1.13 loss=0.085
[full_paper_costs__pca5__s1] block 11 from 2008-01-29: oos_sharpe=+0.53 loss=0.024
[full_paper_costs__pca5__s1] block 12 from 2008-07-28: oos_sharpe=+2.53 loss=0.015
[full_paper_costs__pca5__s1] block 13 from 2009-01-26: oos_sharpe=-2.32 loss=0.061
[full_paper_costs__pca5__s1] block 14 from 2009-07-24: oos_sharpe=+2.95 loss=0.000
[full_paper_costs__pca5__s1] block 15 from 2010-01-22: oos_sharpe=-1.91 loss=-0.013
[full_paper_costs__pca5__s1] block 16 from 2010-07-22: oos_sharpe=+2.36 loss=0.004
[full_paper_costs__pca5__s1] block 17 from 2011-01-19: oos_sharpe=-0.82 loss=0.106
[full_paper_costs__pca5__s1] block 18 from 2011-07-19: oos_sharpe=-1.41 loss=0.132
[full_paper_costs__pca5__s1] block 19 from 2012-01-17: oos_sharpe=-0.65 loss=0.143
[full_paper_costs__pca5__s1] block 20 from 2012-07-16: oos_sharpe=-3.62 loss=0.139
[full_paper_costs__pca5__s1] block 21 from 2013-01-15: oos_sharpe=-1.81 loss=0.138
[full_paper_costs__pca5__s1] block 22 from 2013-07-16: oos_sharpe=+1.34 loss=0.018
[full_paper_costs__pca5__s1] block 23 from 2014-01-13: oos_sharpe=-0.41 loss=0.136
[full_paper_costs__pca5__s1] block 24 from 2014-07-14: oos_sharpe=+0.40 loss=0.162
[full_paper_costs__pca5__s1] block 25 from 2015-01-09: oos_sharpe=+1.86 loss=0.005
[full_paper_costs__pca5__s1] block 26 from 2015-07-10: oos_sharpe=+2.13 loss=0.155
[full_paper_costs__pca5__s1] block 27 from 2016-01-07: oos_sharpe=-0.16 loss=0.141
[full_paper_costs__pca5__s1] block 28 from 2016-07-07: oos_sharpe=-0.53 loss=0.087
[full_paper_costs 2/2] full_paper_costs__pca5__s1: sharpe=0.53 net_sharpe=-0.87 (2651s)
Summary: /kaggle/working/results/summary.csv
