[full_paper_costs__ff5__s0] block 1 from 2003-02-10: oos_sharpe=+3.51 loss=-0.261
[full_paper_costs__ff5__s0] block 2 from 2003-08-08: oos_sharpe=+1.33 loss=-0.266
[full_paper_costs__ff5__s0] block 3 from 2004-02-06: oos_sharpe=+1.34 loss=-0.228
[full_paper_costs__ff5__s0] block 4 from 2004-08-06: oos_sharpe=+4.76 loss=-0.113
[full_paper_costs__ff5__s0] block 5 from 2005-02-03: oos_sharpe=+1.09 loss=-0.091
[full_paper_costs__ff5__s0] block 6 from 2005-08-03: oos_sharpe=+1.55 loss=-0.081
[full_paper_costs__ff5__s0] block 7 from 2006-02-01: oos_sharpe=-2.23 loss=-0.073
[full_paper_costs__ff5__s0] block 8 from 2006-08-01: oos_sharpe=+3.06 loss=-0.034
[full_paper_costs__ff5__s0] block 9 from 2007-01-31: oos_sharpe=+0.94 loss=-0.046
[full_paper_costs__ff5__s0] block 10 from 2007-07-31: oos_sharpe=+0.78 loss=0.137
[full_paper_costs__ff5__s0] block 11 from 2008-01-29: oos_sharpe=-1.07 loss=-0.043
[full_paper_costs__ff5__s0] block 12 from 2008-07-28: oos_sharpe=+0.04 loss=-0.003
[full_paper_costs__ff5__s0] block 13 from 2009-01-26: oos_sharpe=+2.10 loss=-0.009
[full_paper_costs__ff5__s0] block 14 from 2009-07-24: oos_sharpe=+0.01 loss=0.047
[full_paper_costs__ff5__s0] block 15 from 2010-01-22: oos_sharpe=+2.75 loss=0.073
[full_paper_costs__ff5__s0] block 16 from 2010-07-22: oos_sharpe=+0.45 loss=-0.061
[full_paper_costs__ff5__s0] block 17 from 2011-01-19: oos_sharpe=+1.56 loss=-0.032
[full_paper_costs__ff5__s0] block 18 from 2011-07-19: oos_sharpe=-2.15 loss=-0.038
[full_paper_costs__ff5__s0] block 19 from 2012-01-17: oos_sharpe=+0.82 loss=0.082
[full_paper_costs__ff5__s0] block 20 from 2012-07-16: oos_sharpe=+3.99 loss=-0.015
[full_paper_costs__ff5__s0] block 21 from 2013-01-15: oos_sharpe=+1.08 loss=0.125
[full_paper_costs__ff5__s0] block 22 from 2013-07-16: oos_sharpe=+1.25 loss=0.001
[full_paper_costs__ff5__s0] block 23 from 2014-01-13: oos_sharpe=+1.39 loss=-0.001
[full_paper_costs__ff5__s0] block 24 from 2014-07-14: oos_sharpe=-2.07 loss=0.007
[full_paper_costs__ff5__s0] block 25 from 2015-01-09: oos_sharpe=-0.50 loss=0.085
[full_paper_costs__ff5__s0] block 26 from 2015-07-10: oos_sharpe=+2.66 loss=0.061
[full_paper_costs__ff5__s0] block 27 from 2016-01-07: oos_sharpe=+1.16 loss=0.061
[full_paper_costs__ff5__s0] block 28 from 2016-07-07: oos_sharpe=+0.38 loss=0.018
[full_paper_costs 1/2] full_paper_costs__ff5__s0: sharpe=0.85 net_sharpe=-0.05 (2671s)
[full_paper_costs__ff5__s1] block 1 from 2003-02-10: oos_sharpe=+3.22 loss=-0.245
[full_paper_costs__ff5__s1] block 2 from 2003-08-08: oos_sharpe=+1.43 loss=-0.234
[full_paper_costs__ff5__s1] block 3 from 2004-02-06: oos_sharpe=+1.79 loss=-0.182
[full_paper_costs__ff5__s1] block 4 from 2004-08-06: oos_sharpe=+6.10 loss=-0.148
[full_paper_costs__ff5__s1] block 5 from 2005-02-03: oos_sharpe=+1.50 loss=-0.102
[full_paper_costs__ff5__s1] block 6 from 2005-08-03: oos_sharpe=+1.43 loss=-0.082
[full_paper_costs__ff5__s1] block 7 from 2006-02-01: oos_sharpe=-2.57 loss=-0.063
[full_paper_costs__ff5__s1] block 8 from 2006-08-01: oos_sharpe=+2.68 loss=-0.033
[full_paper_costs__ff5__s1] block 9 from 2007-01-31: oos_sharpe=+0.79 loss=-0.042
[full_paper_costs__ff5__s1] block 10 from 2007-07-31: oos_sharpe=-0.84 loss=-0.024
[full_paper_costs__ff5__s1] block 11 from 2008-01-29: oos_sharpe=-0.93 loss=-0.037
[full_paper_costs__ff5__s1] block 12 from 2008-07-28: oos_sharpe=+2.39 loss=0.005
[full_paper_costs__ff5__s1] block 13 from 2009-01-26: oos_sharpe=+0.41 loss=0.042
[full_paper_costs__ff5__s1] block 14 from 2009-07-24: oos_sharpe=+2.91 loss=-0.023
[full_paper_costs__ff5__s1] block 15 from 2010-01-22: oos_sharpe=+0.96 loss=-0.034
[full_paper_costs__ff5__s1] block 16 from 2010-07-22: oos_sharpe=+0.80 loss=-0.016
[full_paper_costs__ff5__s1] block 17 from 2011-01-19: oos_sharpe=-1.27 loss=0.124
[full_paper_costs__ff5__s1] block 18 from 2011-07-19: oos_sharpe=-2.23 loss=-0.029
[full_paper_costs__ff5__s1] block 19 from 2012-01-17: oos_sharpe=-2.26 loss=-0.020
[full_paper_costs__ff5__s1] block 20 from 2012-07-16: oos_sharpe=+2.93 loss=0.012
[full_paper_costs__ff5__s1] block 21 from 2013-01-15: oos_sharpe=-1.06 loss=-0.035
[full_paper_costs__ff5__s1] block 22 from 2013-07-16: oos_sharpe=-1.14 loss=0.106
[full_paper_costs__ff5__s1] block 23 from 2014-01-13: oos_sharpe=+1.11 loss=-0.009
[full_paper_costs__ff5__s1] block 24 from 2014-07-14: oos_sharpe=+0.10 loss=0.046
[full_paper_costs__ff5__s1] block 25 from 2015-01-09: oos_sharpe=+0.60 loss=0.016
[full_paper_costs__ff5__s1] block 26 from 2015-07-10: oos_sharpe=-0.90 loss=0.069
[full_paper_costs__ff5__s1] block 27 from 2016-01-07: oos_sharpe=+1.18 loss=0.057
[full_paper_costs__ff5__s1] block 28 from 2016-07-07: oos_sharpe=-0.78 loss=0.018
[full_paper_costs 2/2] full_paper_costs__ff5__s1: sharpe=0.68 net_sharpe=-0.09 (2661s)
Summary: /kaggle/working/results/summary.csv
