[official_paper_costs__ipca5__s0] block 1 from 2002-02-08: oos_sharpe=+6.38 loss=-0.214
[official_paper_costs__ipca5__s0] block 2 from 2002-08-08: oos_sharpe=+4.95 loss=-0.276
[official_paper_costs__ipca5__s0] block 3 from 2003-02-06: oos_sharpe=+6.24 loss=-0.257
[official_paper_costs__ipca5__s0] block 4 from 2003-08-06: oos_sharpe=+6.67 loss=-0.246
[official_paper_costs__ipca5__s0] block 5 from 2004-02-04: oos_sharpe=+2.30 loss=-0.235
[official_paper_costs__ipca5__s0] block 6 from 2004-08-04: oos_sharpe=+6.31 loss=-0.212
[official_paper_costs__ipca5__s0] block 7 from 2005-02-01: oos_sharpe=+4.28 loss=-0.166
[official_paper_costs__ipca5__s0] block 8 from 2005-08-01: oos_sharpe=+2.36 loss=-0.159
[official_paper_costs__ipca5__s0] block 9 from 2006-01-30: oos_sharpe=+2.48 loss=-0.143
[official_paper_costs__ipca5__s0] block 10 from 2006-07-28: oos_sharpe=+6.04 loss=-0.118
[official_paper_costs__ipca5__s0] block 11 from 2007-01-29: oos_sharpe=+0.84 loss=-0.095
[official_paper_costs__ipca5__s0] block 12 from 2007-07-27: oos_sharpe=+0.78 loss=-0.074
[official_paper_costs__ipca5__s0] block 13 from 2008-01-25: oos_sharpe=+1.82 loss=-0.044
[official_paper_costs__ipca5__s0] block 14 from 2008-07-24: oos_sharpe=+1.42 loss=-0.017
[official_paper_costs__ipca5__s0] block 15 from 2009-01-22: oos_sharpe=+0.53 loss=0.069
[official_paper_costs__ipca5__s0] block 16 from 2009-07-22: oos_sharpe=+3.40 loss=-0.049
[official_paper_costs__ipca5__s0] block 17 from 2010-01-20: oos_sharpe=+0.87 loss=-0.065
[official_paper_costs__ipca5__s0] block 18 from 2010-07-20: oos_sharpe=+3.10 loss=-0.025
[official_paper_costs__ipca5__s0] block 19 from 2011-01-14: oos_sharpe=+1.24 loss=-0.056
[official_paper_costs__ipca5__s0] block 20 from 2011-07-15: oos_sharpe=+0.67 loss=-0.075
[official_paper_costs__ipca5__s0] block 21 from 2012-01-12: oos_sharpe=+1.07 loss=-0.081
[official_paper_costs__ipca5__s0] block 22 from 2012-07-12: oos_sharpe=+3.34 loss=-0.055
[official_paper_costs__ipca5__s0] block 23 from 2013-01-11: oos_sharpe=+1.89 loss=-0.093
[official_paper_costs__ipca5__s0] block 24 from 2013-07-12: oos_sharpe=+3.42 loss=-0.088
[official_paper_costs__ipca5__s0] block 25 from 2014-01-09: oos_sharpe=+1.05 loss=-0.068
[official_paper_costs__ipca5__s0] block 26 from 2014-07-10: oos_sharpe=-1.15 loss=0.062
[official_paper_costs__ipca5__s0] block 27 from 2015-01-07: oos_sharpe=+1.42 loss=0.077
[official_paper_costs__ipca5__s0] block 28 from 2015-07-08: oos_sharpe=-0.65 loss=-0.061
[official_paper_costs__ipca5__s0] block 29 from 2016-01-05: oos_sharpe=+1.89 loss=-0.024
[official_paper_costs__ipca5__s0] block 30 from 2016-07-05: oos_sharpe=+2.92 loss=-0.067
[official_paper_costs__ipca5__s0] block 31 from 2016-12-30: oos_sharpe=+0.00 loss=0.168
[official_paper_costs 1/1] official_paper_costs__ipca5__s0: sharpe=1.98 net_sharpe=0.77 (5148s)
[official_paper__ipca5__s0] block 1 from 2002-02-08: oos_sharpe=+7.17 loss=-0.453
[official_paper__ipca5__s0] block 2 from 2002-08-08: oos_sharpe=+3.62 loss=-0.478
[official_paper__ipca5__s0] block 3 from 2003-02-06: oos_sharpe=+6.18 loss=-0.440
[official_paper__ipca5__s0] block 4 from 2003-08-06: oos_sharpe=+6.87 loss=-0.432
[official_paper__ipca5__s0] block 5 from 2004-02-04: oos_sharpe=+4.27 loss=-0.457
[official_paper__ipca5__s0] block 6 from 2004-08-04: oos_sharpe=+7.23 loss=-0.484
[official_paper__ipca5__s0] block 7 from 2005-02-01: oos_sharpe=+6.79 loss=-0.534
[official_paper__ipca5__s0] block 8 from 2005-08-01: oos_sharpe=+3.50 loss=-0.527
[official_paper__ipca5__s0] block 9 from 2006-01-30: oos_sharpe=+4.47 loss=-0.527
[official_paper__ipca5__s0] block 10 from 2006-07-28: oos_sharpe=+7.32 loss=-0.491
[official_paper__ipca5__s0] block 11 from 2007-01-29: oos_sharpe=+4.22 loss=-0.441
[official_paper__ipca5__s0] block 12 from 2007-07-27: oos_sharpe=+0.48 loss=-0.475
[official_paper__ipca5__s0] block 13 from 2008-01-25: oos_sharpe=+4.48 loss=-0.377
[official_paper__ipca5__s0] block 14 from 2008-07-24: oos_sharpe=+2.28 loss=-0.399
[official_paper__ipca5__s0] block 15 from 2009-01-22: oos_sharpe=+3.34 loss=-0.397
[official_paper__ipca5__s0] block 16 from 2009-07-22: oos_sharpe=+3.00 loss=-0.342
[official_paper__ipca5__s0] block 17 from 2010-01-20: oos_sharpe=+3.29 loss=-0.341
[official_paper__ipca5__s0] block 18 from 2010-07-20: oos_sharpe=+5.03 loss=-0.303
[official_paper__ipca5__s0] block 19 from 2011-01-14: oos_sharpe=+2.77 loss=-0.298
[official_paper__ipca5__s0] block 20 from 2011-07-15: oos_sharpe=+2.18 loss=-0.312
[official_paper__ipca5__s0] block 21 from 2012-01-12: oos_sharpe=+3.11 loss=-0.355
[official_paper__ipca5__s0] block 22 from 2012-07-12: oos_sharpe=+3.47 loss=-0.240
[official_paper__ipca5__s0] block 23 from 2013-01-11: oos_sharpe=+1.50 loss=-0.315
[official_paper__ipca5__s0] block 24 from 2013-07-12: oos_sharpe=+5.31 loss=-0.309
[official_paper__ipca5__s0] block 25 from 2014-01-09: oos_sharpe=+3.91 loss=-0.286
[official_paper__ipca5__s0] block 26 from 2014-07-10: oos_sharpe=+0.42 loss=-0.319
[official_paper__ipca5__s0] block 27 from 2015-01-07: oos_sharpe=+3.33 loss=-0.197
[official_paper__ipca5__s0] block 28 from 2015-07-08: oos_sharpe=-1.04 loss=-0.289
[official_paper__ipca5__s0] block 29 from 2016-01-05: oos_sharpe=+2.33 loss=-0.232
[official_paper__ipca5__s0] block 30 from 2016-07-05: oos_sharpe=+0.72 loss=-0.276
[official_paper__ipca5__s0] block 31 from 2016-12-30: oos_sharpe=+0.00 loss=-0.157
[official_paper 1/3] official_paper__ipca5__s0: sharpe=3.43 net_sharpe=-3.17 (5128s)
[official_paper__ff5__s0] block 1 from 2002-02-08: oos_sharpe=+6.23 loss=-0.431
[official_paper__ff5__s0] block 2 from 2002-08-08: oos_sharpe=+5.12 loss=-0.536
[official_paper__ff5__s0] block 3 from 2003-02-06: oos_sharpe=+5.73 loss=-0.477
[official_paper__ff5__s0] block 4 from 2003-08-06: oos_sharpe=+4.77 loss=-0.454
[official_paper__ff5__s0] block 5 from 2004-02-04: oos_sharpe=+3.25 loss=-0.438
[official_paper__ff5__s0] block 6 from 2004-08-04: oos_sharpe=+5.58 loss=-0.493
[official_paper__ff5__s0] block 7 from 2005-02-01: oos_sharpe=+3.48 loss=-0.478
[official_paper__ff5__s0] block 8 from 2005-08-01: oos_sharpe=+0.17 loss=-0.428
[official_paper__ff5__s0] block 9 from 2006-01-30: oos_sharpe=+2.78 loss=-0.475
[official_paper__ff5__s0] block 10 from 2006-07-28: oos_sharpe=+2.46 loss=-0.352
[official_paper__ff5__s0] block 11 from 2007-01-29: oos_sharpe=+4.43 loss=-0.336
[official_paper__ff5__s0] block 12 from 2007-07-27: oos_sharpe=-1.03 loss=-0.314
[official_paper__ff5__s0] block 13 from 2008-01-25: oos_sharpe=+1.70 loss=-0.238
[official_paper__ff5__s0] block 14 from 2008-07-24: oos_sharpe=+2.83 loss=-0.265
[official_paper__ff5__s0] block 15 from 2009-01-22: oos_sharpe=+4.07 loss=-0.288
[official_paper__ff5__s0] block 16 from 2009-07-22: oos_sharpe=+3.15 loss=-0.291
[official_paper__ff5__s0] block 17 from 2010-01-20: oos_sharpe=+1.28 loss=-0.244
[official_paper__ff5__s0] block 18 from 2010-07-20: oos_sharpe=+2.41 loss=-0.152
[official_paper__ff5__s0] block 19 from 2011-01-14: oos_sharpe=+0.93 loss=-0.243
[official_paper__ff5__s0] block 20 from 2011-07-15: oos_sharpe=+1.80 loss=-0.223
[official_paper__ff5__s0] block 21 from 2012-01-12: oos_sharpe=+2.04 loss=-0.263
[official_paper__ff5__s0] block 22 from 2012-07-12: oos_sharpe=+7.50 loss=-0.174
[official_paper__ff5__s0] block 23 from 2013-01-11: oos_sharpe=-1.06 loss=-0.213
[official_paper__ff5__s0] block 24 from 2013-07-12: oos_sharpe=+2.06 loss=-0.207
[official_paper__ff5__s0] block 25 from 2014-01-09: oos_sharpe=+3.14 loss=-0.185
[official_paper__ff5__s0] block 26 from 2014-07-10: oos_sharpe=+2.63 loss=-0.265
[official_paper__ff5__s0] block 27 from 2015-01-07: oos_sharpe=-0.16 loss=-0.186
[official_paper__ff5__s0] block 28 from 2015-07-08: oos_sharpe=+2.93 loss=-0.227
[official_paper__ff5__s0] block 29 from 2016-01-05: oos_sharpe=+1.23 loss=-0.201
[official_paper__ff5__s0] block 30 from 2016-07-05: oos_sharpe=-2.05 loss=-0.222
[official_paper__ff5__s0] block 31 from 2016-12-30: oos_sharpe=+0.00 loss=-0.097
[official_paper 2/3] official_paper__ff5__s0: sharpe=2.63 net_sharpe=-4.17 (5136s)
[official_paper__pca5__s1] block 1 from 2002-02-08: oos_sharpe=+9.14 loss=-0.554
[official_paper__pca5__s1] block 2 from 2002-08-08: oos_sharpe=+9.49 loss=-0.595
[official_paper__pca5__s1] block 3 from 2003-02-06: oos_sharpe=+10.11 loss=-0.617
[official_paper__pca5__s1] block 4 from 2003-08-06: oos_sharpe=+7.91 loss=-0.651
[official_paper__pca5__s1] block 5 from 2004-02-04: oos_sharpe=+8.38 loss=-0.668
[official_paper__pca5__s1] block 6 from 2004-08-04: oos_sharpe=+8.27 loss=-0.645
[official_paper__pca5__s1] block 7 from 2005-02-01: oos_sharpe=+6.63 loss=-0.618
[official_paper__pca5__s1] block 8 from 2005-08-01: oos_sharpe=+4.20 loss=-0.605
[official_paper__pca5__s1] block 9 from 2006-01-30: oos_sharpe=+5.33 loss=-0.607
[official_paper__pca5__s1] block 10 from 2006-07-28: oos_sharpe=+11.21 loss=-0.650
[official_paper__pca5__s1] block 11 from 2007-01-29: oos_sharpe=+5.02 loss=-0.596
[official_paper__pca5__s1] block 12 from 2007-07-27: oos_sharpe=+3.65 loss=-0.546
[official_paper__pca5__s1] block 13 from 2008-01-25: oos_sharpe=+6.93 loss=-0.510
[official_paper__pca5__s1] block 14 from 2008-07-24: oos_sharpe=+7.02 loss=-0.486
[official_paper__pca5__s1] block 15 from 2009-01-22: oos_sharpe=+4.47 loss=-0.431
[official_paper__pca5__s1] block 16 from 2009-07-22: oos_sharpe=+2.42 loss=-0.443
[official_paper__pca5__s1] block 17 from 2010-01-20: oos_sharpe=+1.97 loss=-0.394
[official_paper__pca5__s1] block 18 from 2010-07-20: oos_sharpe=+6.55 loss=-0.378
[official_paper__pca5__s1] block 19 from 2011-01-14: oos_sharpe=+0.88 loss=-0.330
[official_paper__pca5__s1] block 20 from 2011-07-15: oos_sharpe=+2.89 loss=-0.300
[official_paper__pca5__s1] block 21 from 2012-01-12: oos_sharpe=-0.24 loss=-0.318
[official_paper__pca5__s1] block 22 from 2012-07-12: oos_sharpe=+1.30 loss=-0.303
[official_paper__pca5__s1] block 23 from 2013-01-11: oos_sharpe=+1.60 loss=-0.283
[official_paper__pca5__s1] block 24 from 2013-07-12: oos_sharpe=+2.96 loss=-0.277
[official_paper__pca5__s1] block 25 from 2014-01-09: oos_sharpe=+0.81 loss=-0.248
[official_paper__pca5__s1] block 26 from 2014-07-10: oos_sharpe=+1.57 loss=-0.232
[official_paper__pca5__s1] block 27 from 2015-01-07: oos_sharpe=+3.56 loss=-0.188
[official_paper__pca5__s1] block 28 from 2015-07-08: oos_sharpe=-1.40 loss=-0.302
[official_paper__pca5__s1] block 29 from 2016-01-05: oos_sharpe=+4.51 loss=-0.309
[official_paper__pca5__s1] block 30 from 2016-07-05: oos_sharpe=+0.92 loss=-0.239
[official_paper__pca5__s1] block 31 from 2016-12-30: oos_sharpe=+0.00 loss=-0.225
[official_paper 3/3] official_paper__pca5__s1: sharpe=4.58 net_sharpe=-3.61 (5124s)
[official_recipe__ipca5_cw0.25__s0] block 1 from 2002-02-08: oos_sharpe=+7.26 loss=-0.394
[official_recipe__ipca5_cw0.25__s0] block 2 from 2002-08-08: oos_sharpe=+4.10 loss=-0.421
[official_recipe__ipca5_cw0.25__s0] block 3 from 2003-02-06: oos_sharpe=+6.15 loss=-0.378
[official_recipe__ipca5_cw0.25__s0] block 4 from 2003-08-06: oos_sharpe=+6.54 loss=-0.372
[official_recipe__ipca5_cw0.25__s0] block 5 from 2004-02-04: oos_sharpe=+4.06 loss=-0.389
[official_recipe__ipca5_cw0.25__s0] block 6 from 2004-08-04: oos_sharpe=+6.89 loss=-0.397
[official_recipe__ipca5_cw0.25__s0] block 7 from 2005-02-01: oos_sharpe=+6.72 loss=-0.418
[official_recipe__ipca5_cw0.25__s0] block 8 from 2005-08-01: oos_sharpe=+3.26 loss=-0.416
[official_recipe__ipca5_cw0.25__s0] block 9 from 2006-01-30: oos_sharpe=+4.17 loss=-0.400
[official_recipe__ipca5_cw0.25__s0] block 10 from 2006-07-28: oos_sharpe=+7.34 loss=-0.371
[official_recipe__ipca5_cw0.25__s0] block 11 from 2007-01-29: oos_sharpe=+4.49 loss=-0.322
[official_recipe__ipca5_cw0.25__s0] block 12 from 2007-07-27: oos_sharpe=+0.57 loss=-0.341
[official_recipe__ipca5_cw0.25__s0] block 13 from 2008-01-25: oos_sharpe=+4.61 loss=-0.241
[official_recipe__ipca5_cw0.25__s0] block 14 from 2008-07-24: oos_sharpe=+2.97 loss=-0.253
[official_recipe__ipca5_cw0.25__s0] block 15 from 2009-01-22: oos_sharpe=+4.73 loss=-0.250
[official_recipe__ipca5_cw0.25__s0] block 16 from 2009-07-22: oos_sharpe=+3.73 loss=-0.225
[official_recipe__ipca5_cw0.25__s0] block 17 from 2010-01-20: oos_sharpe=+2.24 loss=-0.231
[official_recipe__ipca5_cw0.25__s0] block 18 from 2010-07-20: oos_sharpe=+5.73 loss=-0.192
[official_recipe__ipca5_cw0.25__s0] block 19 from 2011-01-14: oos_sharpe=+2.39 loss=-0.203
[official_recipe__ipca5_cw0.25__s0] block 20 from 2011-07-15: oos_sharpe=+1.37 loss=-0.184
[official_recipe__ipca5_cw0.25__s0] block 21 from 2012-01-12: oos_sharpe=+3.64 loss=-0.230
[official_recipe__ipca5_cw0.25__s0] block 22 from 2012-07-12: oos_sharpe=+2.73 loss=-0.146
[official_recipe__ipca5_cw0.25__s0] block 23 from 2013-01-11: oos_sharpe=+0.69 loss=-0.181
[official_recipe__ipca5_cw0.25__s0] block 24 from 2013-07-12: oos_sharpe=+4.76 loss=-0.145
[official_recipe__ipca5_cw0.25__s0] block 25 from 2014-01-09: oos_sharpe=+2.91 loss=-0.214
[official_recipe__ipca5_cw0.25__s0] block 26 from 2014-07-10: oos_sharpe=+0.68 loss=-0.144
[official_recipe__ipca5_cw0.25__s0] block 27 from 2015-01-07: oos_sharpe=+2.26 loss=-0.062
[official_recipe__ipca5_cw0.25__s0] block 28 from 2015-07-08: oos_sharpe=-0.94 loss=-0.152
[official_recipe__ipca5_cw0.25__s0] block 29 from 2016-01-05: oos_sharpe=+1.40 loss=-0.070
[official_recipe__ipca5_cw0.25__s0] block 30 from 2016-07-05: oos_sharpe=+1.40 loss=-0.094
[official_recipe__ipca5_cw0.25__s0] block 31 from 2016-12-30: oos_sharpe=+0.00 loss=-0.055
[official_recipe 1/1] official_recipe__ipca5_cw0.25__s0: sharpe=3.18 net_sharpe=-1.12 (5135s)
Summary: /kaggle/working/results/summary.csv
