[official_paper_costs__ipca5__s1] block 1 from 2002-02-08: oos_sharpe=+6.14 loss=-0.227
[official_paper_costs__ipca5__s1] block 2 from 2002-08-08: oos_sharpe=+5.80 loss=-0.259
[official_paper_costs__ipca5__s1] block 3 from 2003-02-06: oos_sharpe=+6.70 loss=-0.253
[official_paper_costs__ipca5__s1] block 4 from 2003-08-06: oos_sharpe=+7.90 loss=-0.283
[official_paper_costs__ipca5__s1] block 5 from 2004-02-04: oos_sharpe=+3.25 loss=-0.257
[official_paper_costs__ipca5__s1] block 6 from 2004-08-04: oos_sharpe=+5.56 loss=-0.196
[official_paper_costs__ipca5__s1] block 7 from 2005-02-01: oos_sharpe=+3.76 loss=-0.162
[official_paper_costs__ipca5__s1] block 8 from 2005-08-01: oos_sharpe=+1.91 loss=-0.117
[official_paper_costs__ipca5__s1] block 9 from 2006-01-30: oos_sharpe=+1.61 loss=-0.130
[official_paper_costs__ipca5__s1] block 10 from 2006-07-28: oos_sharpe=+6.91 loss=-0.102
[official_paper_costs__ipca5__s1] block 11 from 2007-01-29: oos_sharpe=+0.91 loss=-0.101
[official_paper_costs__ipca5__s1] block 12 from 2007-07-27: oos_sharpe=+0.79 loss=-0.080
[official_paper_costs__ipca5__s1] block 13 from 2008-01-25: oos_sharpe=+1.09 loss=-0.013
[official_paper_costs__ipca5__s1] block 14 from 2008-07-24: oos_sharpe=+0.94 loss=-0.045
[official_paper_costs__ipca5__s1] block 15 from 2009-01-22: oos_sharpe=+3.42 loss=-0.039
[official_paper_costs__ipca5__s1] block 16 from 2009-07-22: oos_sharpe=+3.63 loss=-0.035
[official_paper_costs__ipca5__s1] block 17 from 2010-01-20: oos_sharpe=-1.00 loss=0.074
[official_paper_costs__ipca5__s1] block 18 from 2010-07-20: oos_sharpe=+3.38 loss=-0.047
[official_paper_costs__ipca5__s1] block 19 from 2011-01-14: oos_sharpe=+1.48 loss=-0.059
[official_paper_costs__ipca5__s1] block 20 from 2011-07-15: oos_sharpe=+0.73 loss=-0.081
[official_paper_costs__ipca5__s1] block 21 from 2012-01-12: oos_sharpe=+0.64 loss=-0.087
[official_paper_costs__ipca5__s1] block 22 from 2012-07-12: oos_sharpe=+4.24 loss=-0.041
[official_paper_costs__ipca5__s1] block 23 from 2013-01-11: oos_sharpe=+2.12 loss=-0.089
[official_paper_costs__ipca5__s1] block 24 from 2013-07-12: oos_sharpe=+2.59 loss=-0.072
[official_paper_costs__ipca5__s1] block 25 from 2014-01-09: oos_sharpe=+1.37 loss=-0.085
[official_paper_costs__ipca5__s1] block 26 from 2014-07-10: oos_sharpe=-0.81 loss=-0.089
[official_paper_costs__ipca5__s1] block 27 from 2015-01-07: oos_sharpe=-0.85 loss=0.147
[official_paper_costs__ipca5__s1] block 28 from 2015-07-08: oos_sharpe=-0.94 loss=-0.063
[official_paper_costs__ipca5__s1] block 29 from 2016-01-05: oos_sharpe=+1.82 loss=-0.045
[official_paper_costs__ipca5__s1] block 30 from 2016-07-05: oos_sharpe=+2.89 loss=-0.061
[official_paper_costs__ipca5__s1] block 31 from 2016-12-30: oos_sharpe=+0.00 loss=0.167
[official_paper_costs 1/1] official_paper_costs__ipca5__s1: sharpe=2.12 net_sharpe=0.90 (5115s)
[official_paper__pca5__s0] block 1 from 2002-02-08: oos_sharpe=+10.56 loss=-0.574
[official_paper__pca5__s0] block 2 from 2002-08-08: oos_sharpe=+8.83 loss=-0.575
[official_paper__pca5__s0] block 3 from 2003-02-06: oos_sharpe=+10.53 loss=-0.623
[official_paper__pca5__s0] block 4 from 2003-08-06: oos_sharpe=+7.63 loss=-0.635
[official_paper__pca5__s0] block 5 from 2004-02-04: oos_sharpe=+8.31 loss=-0.633
[official_paper__pca5__s0] block 6 from 2004-08-04: oos_sharpe=+7.46 loss=-0.662
[official_paper__pca5__s0] block 7 from 2005-02-01: oos_sharpe=+7.08 loss=-0.654
[official_paper__pca5__s0] block 8 from 2005-08-01: oos_sharpe=+4.80 loss=-0.615
[official_paper__pca5__s0] block 9 from 2006-01-30: oos_sharpe=+4.51 loss=-0.667
[official_paper__pca5__s0] block 10 from 2006-07-28: oos_sharpe=+9.51 loss=-0.585
[official_paper__pca5__s0] block 11 from 2007-01-29: oos_sharpe=+6.12 loss=-0.555
[official_paper__pca5__s0] block 12 from 2007-07-27: oos_sharpe=+2.54 loss=-0.500
[official_paper__pca5__s0] block 13 from 2008-01-25: oos_sharpe=+6.87 loss=-0.436
[official_paper__pca5__s0] block 14 from 2008-07-24: oos_sharpe=+7.16 loss=-0.431
[official_paper__pca5__s0] block 15 from 2009-01-22: oos_sharpe=+4.94 loss=-0.474
[official_paper__pca5__s0] block 16 from 2009-07-22: oos_sharpe=+2.14 loss=-0.415
[official_paper__pca5__s0] block 17 from 2010-01-20: oos_sharpe=+2.09 loss=-0.406
[official_paper__pca5__s0] block 18 from 2010-07-20: oos_sharpe=+5.50 loss=-0.373
[official_paper__pca5__s0] block 19 from 2011-01-14: oos_sharpe=+0.70 loss=-0.347
[official_paper__pca5__s0] block 20 from 2011-07-15: oos_sharpe=+3.91 loss=-0.328
[official_paper__pca5__s0] block 21 from 2012-01-12: oos_sharpe=+1.55 loss=-0.372
[official_paper__pca5__s0] block 22 from 2012-07-12: oos_sharpe=+2.92 loss=-0.284
[official_paper__pca5__s0] block 23 from 2013-01-11: oos_sharpe=+1.80 loss=-0.280
[official_paper__pca5__s0] block 24 from 2013-07-12: oos_sharpe=+4.57 loss=-0.264
[official_paper__pca5__s0] block 25 from 2014-01-09: oos_sharpe=+2.79 loss=-0.234
[official_paper__pca5__s0] block 26 from 2014-07-10: oos_sharpe=+1.46 loss=-0.298
[official_paper__pca5__s0] block 27 from 2015-01-07: oos_sharpe=+4.43 loss=-0.236
[official_paper__pca5__s0] block 28 from 2015-07-08: oos_sharpe=-0.35 loss=-0.221
[official_paper__pca5__s0] block 29 from 2016-01-05: oos_sharpe=+4.70 loss=-0.194
[official_paper__pca5__s0] block 30 from 2016-07-05: oos_sharpe=-0.35 loss=-0.302
[official_paper__pca5__s0] block 31 from 2016-12-30: oos_sharpe=+0.00 loss=-0.193
[official_paper 1/3] official_paper__pca5__s0: sharpe=4.78 net_sharpe=-3.73 (5099s)
[official_paper__ipca5__s1] block 1 from 2002-02-08: oos_sharpe=+6.51 loss=-0.447
[official_paper__ipca5__s1] block 2 from 2002-08-08: oos_sharpe=+4.25 loss=-0.429
[official_paper__ipca5__s1] block 3 from 2003-02-06: oos_sharpe=+6.86 loss=-0.453
[official_paper__ipca5__s1] block 4 from 2003-08-06: oos_sharpe=+8.38 loss=-0.494
[official_paper__ipca5__s1] block 5 from 2004-02-04: oos_sharpe=+5.00 loss=-0.453
[official_paper__ipca5__s1] block 6 from 2004-08-04: oos_sharpe=+7.05 loss=-0.438
[official_paper__ipca5__s1] block 7 from 2005-02-01: oos_sharpe=+4.77 loss=-0.491
[official_paper__ipca5__s1] block 8 from 2005-08-01: oos_sharpe=+4.92 loss=-0.493
[official_paper__ipca5__s1] block 9 from 2006-01-30: oos_sharpe=+3.74 loss=-0.466
[official_paper__ipca5__s1] block 10 from 2006-07-28: oos_sharpe=+8.54 loss=-0.534
[official_paper__ipca5__s1] block 11 from 2007-01-29: oos_sharpe=+4.43 loss=-0.545
[official_paper__ipca5__s1] block 12 from 2007-07-27: oos_sharpe=+1.94 loss=-0.520
[official_paper__ipca5__s1] block 13 from 2008-01-25: oos_sharpe=+1.65 loss=-0.363
[official_paper__ipca5__s1] block 14 from 2008-07-24: oos_sharpe=+1.16 loss=-0.417
[official_paper__ipca5__s1] block 15 from 2009-01-22: oos_sharpe=+5.21 loss=-0.385
[official_paper__ipca5__s1] block 16 from 2009-07-22: oos_sharpe=+2.75 loss=-0.310
[official_paper__ipca5__s1] block 17 from 2010-01-20: oos_sharpe=+2.74 loss=-0.296
[official_paper__ipca5__s1] block 18 from 2010-07-20: oos_sharpe=+5.71 loss=-0.355
[official_paper__ipca5__s1] block 19 from 2011-01-14: oos_sharpe=+2.19 loss=-0.236
[official_paper__ipca5__s1] block 20 from 2011-07-15: oos_sharpe=+3.01 loss=-0.285
[official_paper__ipca5__s1] block 21 from 2012-01-12: oos_sharpe=+1.74 loss=-0.341
[official_paper__ipca5__s1] block 22 from 2012-07-12: oos_sharpe=+2.90 loss=-0.230
[official_paper__ipca5__s1] block 23 from 2013-01-11: oos_sharpe=+0.30 loss=-0.299
[official_paper__ipca5__s1] block 24 from 2013-07-12: oos_sharpe=+3.79 loss=-0.339
[official_paper__ipca5__s1] block 25 from 2014-01-09: oos_sharpe=+2.95 loss=-0.303
[official_paper__ipca5__s1] block 26 from 2014-07-10: oos_sharpe=+0.84 loss=-0.283
[official_paper__ipca5__s1] block 27 from 2015-01-07: oos_sharpe=+3.46 loss=-0.246
[official_paper__ipca5__s1] block 28 from 2015-07-08: oos_sharpe=-1.41 loss=-0.284
[official_paper__ipca5__s1] block 29 from 2016-01-05: oos_sharpe=+2.27 loss=-0.269
[official_paper__ipca5__s1] block 30 from 2016-07-05: oos_sharpe=+0.93 loss=-0.191
[official_paper__ipca5__s1] block 31 from 2016-12-30: oos_sharpe=+0.00 loss=-0.208
[official_paper 2/3] official_paper__ipca5__s1: sharpe=3.27 net_sharpe=-3.01 (5101s)
[official_paper__ff5__s1] block 1 from 2002-02-08: oos_sharpe=+6.14 loss=-0.404
[official_paper__ff5__s1] block 2 from 2002-08-08: oos_sharpe=+6.82 loss=-0.415
[official_paper__ff5__s1] block 3 from 2003-02-06: oos_sharpe=+6.01 loss=-0.481
[official_paper__ff5__s1] block 4 from 2003-08-06: oos_sharpe=+4.77 loss=-0.473
[official_paper__ff5__s1] block 5 from 2004-02-04: oos_sharpe=+5.16 loss=-0.419
[official_paper__ff5__s1] block 6 from 2004-08-04: oos_sharpe=+5.37 loss=-0.416
[official_paper__ff5__s1] block 7 from 2005-02-01: oos_sharpe=+4.18 loss=-0.421
[official_paper__ff5__s1] block 8 from 2005-08-01: oos_sharpe=-0.05 loss=-0.406
[official_paper__ff5__s1] block 9 from 2006-01-30: oos_sharpe=+2.27 loss=-0.379
[official_paper__ff5__s1] block 10 from 2006-07-28: oos_sharpe=+2.67 loss=-0.408
[official_paper__ff5__s1] block 11 from 2007-01-29: oos_sharpe=+2.87 loss=-0.328
[official_paper__ff5__s1] block 12 from 2007-07-27: oos_sharpe=+1.89 loss=-0.373
[official_paper__ff5__s1] block 13 from 2008-01-25: oos_sharpe=+0.85 loss=-0.195
[official_paper__ff5__s1] block 14 from 2008-07-24: oos_sharpe=+1.30 loss=-0.220
[official_paper__ff5__s1] block 15 from 2009-01-22: oos_sharpe=+4.59 loss=-0.270
[official_paper__ff5__s1] block 16 from 2009-07-22: oos_sharpe=+2.69 loss=-0.224
[official_paper__ff5__s1] block 17 from 2010-01-20: oos_sharpe=+0.19 loss=-0.253
[official_paper__ff5__s1] block 18 from 2010-07-20: oos_sharpe=+4.29 loss=-0.204
[official_paper__ff5__s1] block 19 from 2011-01-14: oos_sharpe=+3.57 loss=-0.157
[official_paper__ff5__s1] block 20 from 2011-07-15: oos_sharpe=+2.03 loss=-0.260
[official_paper__ff5__s1] block 21 from 2012-01-12: oos_sharpe=+0.41 loss=-0.228
[official_paper__ff5__s1] block 22 from 2012-07-12: oos_sharpe=+3.22 loss=-0.240
[official_paper__ff5__s1] block 23 from 2013-01-11: oos_sharpe=-0.44 loss=-0.234
[official_paper__ff5__s1] block 24 from 2013-07-12: oos_sharpe=+2.59 loss=-0.239
[official_paper__ff5__s1] block 25 from 2014-01-09: oos_sharpe=+1.89 loss=-0.183
[official_paper__ff5__s1] block 26 from 2014-07-10: oos_sharpe=+3.09 loss=-0.219
[official_paper__ff5__s1] block 27 from 2015-01-07: oos_sharpe=+0.16 loss=-0.196
[official_paper__ff5__s1] block 28 from 2015-07-08: oos_sharpe=+0.64 loss=-0.236
[official_paper__ff5__s1] block 29 from 2016-01-05: oos_sharpe=+3.70 loss=-0.228
[official_paper__ff5__s1] block 30 from 2016-07-05: oos_sharpe=-2.10 loss=-0.183
[official_paper__ff5__s1] block 31 from 2016-12-30: oos_sharpe=+0.00 loss=-0.184
[official_paper 3/3] official_paper__ff5__s1: sharpe=2.59 net_sharpe=-3.48 (5100s)
[official_recipe__ipca5_cw0.25__s1] block 1 from 2002-02-08: oos_sharpe=+6.73 loss=-0.379
[official_recipe__ipca5_cw0.25__s1] block 2 from 2002-08-08: oos_sharpe=+5.09 loss=-0.388
[official_recipe__ipca5_cw0.25__s1] block 3 from 2003-02-06: oos_sharpe=+7.47 loss=-0.390
[official_recipe__ipca5_cw0.25__s1] block 4 from 2003-08-06: oos_sharpe=+8.43 loss=-0.423
[official_recipe__ipca5_cw0.25__s1] block 5 from 2004-02-04: oos_sharpe=+4.96 loss=-0.399
[official_recipe__ipca5_cw0.25__s1] block 6 from 2004-08-04: oos_sharpe=+6.96 loss=-0.362
[official_recipe__ipca5_cw0.25__s1] block 7 from 2005-02-01: oos_sharpe=+4.90 loss=-0.396
[official_recipe__ipca5_cw0.25__s1] block 8 from 2005-08-01: oos_sharpe=+5.22 loss=-0.397
[official_recipe__ipca5_cw0.25__s1] block 9 from 2006-01-30: oos_sharpe=+3.78 loss=-0.359
[official_recipe__ipca5_cw0.25__s1] block 10 from 2006-07-28: oos_sharpe=+8.88 loss=-0.407
[official_recipe__ipca5_cw0.25__s1] block 11 from 2007-01-29: oos_sharpe=+4.23 loss=-0.387
[official_recipe__ipca5_cw0.25__s1] block 12 from 2007-07-27: oos_sharpe=+1.30 loss=-0.370
[official_recipe__ipca5_cw0.25__s1] block 13 from 2008-01-25: oos_sharpe=+2.74 loss=-0.224
[official_recipe__ipca5_cw0.25__s1] block 14 from 2008-07-24: oos_sharpe=+1.82 loss=-0.276
[official_recipe__ipca5_cw0.25__s1] block 15 from 2009-01-22: oos_sharpe=+4.42 loss=-0.246
[official_recipe__ipca5_cw0.25__s1] block 16 from 2009-07-22: oos_sharpe=+2.93 loss=-0.207
[official_recipe__ipca5_cw0.25__s1] block 17 from 2010-01-20: oos_sharpe=+1.81 loss=-0.166
[official_recipe__ipca5_cw0.25__s1] block 18 from 2010-07-20: oos_sharpe=+5.82 loss=-0.213
[official_recipe__ipca5_cw0.25__s1] block 19 from 2011-01-14: oos_sharpe=+2.01 loss=-0.126
[official_recipe__ipca5_cw0.25__s1] block 20 from 2011-07-15: oos_sharpe=+2.13 loss=-0.183
[official_recipe__ipca5_cw0.25__s1] block 21 from 2012-01-12: oos_sharpe=+2.26 loss=-0.212
[official_recipe__ipca5_cw0.25__s1] block 22 from 2012-07-12: oos_sharpe=+2.09 loss=-0.120
[official_recipe__ipca5_cw0.25__s1] block 23 from 2013-01-11: oos_sharpe=+1.47 loss=-0.174
[official_recipe__ipca5_cw0.25__s1] block 24 from 2013-07-12: oos_sharpe=+4.21 loss=-0.199
[official_recipe__ipca5_cw0.25__s1] block 25 from 2014-01-09: oos_sharpe=+1.41 loss=-0.165
[official_recipe__ipca5_cw0.25__s1] block 26 from 2014-07-10: oos_sharpe=+0.73 loss=-0.134
[official_recipe__ipca5_cw0.25__s1] block 27 from 2015-01-07: oos_sharpe=+2.61 loss=-0.075
[official_recipe__ipca5_cw0.25__s1] block 28 from 2015-07-08: oos_sharpe=-0.61 loss=-0.172
[official_recipe__ipca5_cw0.25__s1] block 29 from 2016-01-05: oos_sharpe=+1.31 loss=-0.078
[official_recipe__ipca5_cw0.25__s1] block 30 from 2016-07-05: oos_sharpe=+1.46 loss=-0.064
[official_recipe__ipca5_cw0.25__s1] block 31 from 2016-12-30: oos_sharpe=+0.00 loss=0.070
[official_recipe 1/1] official_recipe__ipca5_cw0.25__s1: sharpe=3.13 net_sharpe=-1.04 (5106s)
Summary: /kaggle/working/results/summary.csv
