[factors 1/49] factors__cnn_transformer_k0__s0: sharpe=0.83 net_sharpe=0.20 (383s)
[factors 2/49] factors__cnn_transformer_k0__s1: sharpe=0.75 net_sharpe=0.10 (422s)
[factors 3/49] factors__cnn_transformer_k0__s2: sharpe=0.76 net_sharpe=0.09 (408s)
[factors 4/49] factors__fourier_ffn_k0__s0: sharpe=0.71 net_sharpe=0.50 (20s)
[factors 5/49] factors__fourier_ffn_k0__s1: sharpe=0.86 net_sharpe=0.59 (23s)
[factors 6/49] factors__fourier_ffn_k0__s2: sharpe=0.11 net_sharpe=-0.13 (26s)
[factors 7/49] factors__ou_threshold_k0__s0: sharpe=-0.35 net_sharpe=-1.31 (0s)
[factors 8/49] factors__cnn_transformer_k1__s0: sharpe=0.47 net_sharpe=-1.78 (356s)
[factors 9/49] factors__cnn_transformer_k1__s1: sharpe=0.34 net_sharpe=-1.87 (328s)
[factors 10/49] factors__cnn_transformer_k1__s2: sharpe=0.72 net_sharpe=-1.48 (278s)
[factors 11/49] factors__fourier_ffn_k1__s0: sharpe=0.31 net_sharpe=-0.60 (7s)
[factors 12/49] factors__fourier_ffn_k1__s1: sharpe=0.41 net_sharpe=-0.53 (7s)
[factors 13/49] factors__fourier_ffn_k1__s2: sharpe=0.62 net_sharpe=-0.36 (7s)
[factors 14/49] factors__ou_threshold_k1__s0: sharpe=-0.35 net_sharpe=-1.74 (0s)
[factors 15/49] factors__cnn_transformer_k3__s0: sharpe=-0.11 net_sharpe=-2.61 (261s)
[factors 16/49] factors__cnn_transformer_k3__s1: sharpe=0.05 net_sharpe=-2.40 (179s)
[factors 17/49] factors__cnn_transformer_k3__s2: sharpe=0.09 net_sharpe=-2.43 (181s)
[factors 18/49] factors__fourier_ffn_k3__s0: sharpe=0.29 net_sharpe=-0.68 (7s)
[factors 19/49] factors__fourier_ffn_k3__s1: sharpe=0.47 net_sharpe=-0.39 (7s)
[factors 20/49] factors__fourier_ffn_k3__s2: sharpe=-0.26 net_sharpe=-1.45 (7s)
[factors 21/49] factors__ou_threshold_k3__s0: sharpe=-0.18 net_sharpe=-1.86 (0s)
[factors 22/49] factors__cnn_transformer_k5__s0: sharpe=0.63 net_sharpe=-2.35 (136s)
[factors 23/49] factors__cnn_transformer_k5__s1: sharpe=0.31 net_sharpe=-2.60 (137s)
[factors 24/49] factors__cnn_transformer_k5__s2: sharpe=0.52 net_sharpe=-2.45 (144s)
[factors 25/49] factors__fourier_ffn_k5__s0: sharpe=-0.25 net_sharpe=-1.57 (8s)
[factors 26/49] factors__fourier_ffn_k5__s1: sharpe=0.50 net_sharpe=-0.76 (8s)
[factors 27/49] factors__fourier_ffn_k5__s2: sharpe=-0.42 net_sharpe=-1.81 (8s)
[factors 28/49] factors__ou_threshold_k5__s0: sharpe=-0.26 net_sharpe=-1.95 (0s)
[factors 29/49] factors__cnn_transformer_k8__s0: sharpe=0.78 net_sharpe=-2.27 (211s)
[factors 30/49] factors__cnn_transformer_k8__s1: sharpe=-0.08 net_sharpe=-3.20 (226s)
[factors 31/49] factors__cnn_transformer_k8__s2: sharpe=0.60 net_sharpe=-2.24 (245s)
[factors 32/49] factors__fourier_ffn_k8__s0: sharpe=-0.11 net_sharpe=-1.94 (7s)
[factors 33/49] factors__fourier_ffn_k8__s1: sharpe=0.36 net_sharpe=-1.38 (7s)
[factors 34/49] factors__fourier_ffn_k8__s2: sharpe=-0.07 net_sharpe=-2.13 (7s)
[factors 35/49] factors__ou_threshold_k8__s0: sharpe=-0.02 net_sharpe=-1.93 (0s)
[factors 36/49] factors__cnn_transformer_k10__s0: sharpe=-0.08 net_sharpe=-3.34 (245s)
[factors 37/49] factors__cnn_transformer_k10__s1: sharpe=0.11 net_sharpe=-3.11 (244s)
[factors 38/49] factors__cnn_transformer_k10__s2: sharpe=-0.47 net_sharpe=-3.31 (229s)
[factors 39/49] factors__fourier_ffn_k10__s0: sharpe=-0.67 net_sharpe=-2.23 (7s)
[factors 40/49] factors__fourier_ffn_k10__s1: sharpe=0.17 net_sharpe=-1.26 (7s)
[factors 41/49] factors__fourier_ffn_k10__s2: sharpe=-0.41 net_sharpe=-2.26 (7s)
[factors 42/49] factors__ou_threshold_k10__s0: sharpe=-0.13 net_sharpe=-2.00 (0s)
[factors 43/49] factors__cnn_transformer_k15__s0: sharpe=-0.26 net_sharpe=-3.87 (157s)
[factors 44/49] factors__cnn_transformer_k15__s1: sharpe=-0.06 net_sharpe=-4.04 (115s)
[factors 45/49] factors__cnn_transformer_k15__s2: sharpe=0.26 net_sharpe=-3.55 (157s)
[factors 46/49] factors__fourier_ffn_k15__s0: sharpe=-0.60 net_sharpe=-2.17 (7s)
[factors 47/49] factors__fourier_ffn_k15__s1: sharpe=0.31 net_sharpe=-1.17 (8s)
[factors 48/49] factors__fourier_ffn_k15__s2: sharpe=-0.08 net_sharpe=-2.26 (8s)
[factors 49/49] factors__ou_threshold_k15__s0: sharpe=-0.34 net_sharpe=-2.22 (0s)
Summary: /Users/vs_code/test/results/summary.csv
