[objective 1/9] objective__sharpe__s0: sharpe=0.63 net_sharpe=-2.35 (282s)
[objective 2/9] objective__sharpe__s1: sharpe=0.31 net_sharpe=-2.60 (273s)
[objective 3/9] objective__sharpe__s2: sharpe=0.52 net_sharpe=-2.45 (384s)
[objective 4/9] objective__mean_variance__s0: sharpe=0.17 net_sharpe=-2.99 (425s)
[objective 5/9] objective__mean_variance__s1: sharpe=0.21 net_sharpe=-2.97 (405s)
[objective 6/9] objective__mean_variance__s2: sharpe=0.35 net_sharpe=-2.64 (345s)
[objective 7/9] objective__sharpe_costs__s0: sharpe=0.36 net_sharpe=-0.27 (348s)
[objective 8/9] objective__sharpe_costs__s1: sharpe=0.16 net_sharpe=-0.51 (283s)
[objective 9/9] objective__sharpe_costs__s2: sharpe=0.15 net_sharpe=-0.52 (275s)
[lookback 1/12] lookback__l10__s0: sharpe=0.20 net_sharpe=-3.11 (119s)
[lookback 2/12] lookback__l10__s1: sharpe=0.21 net_sharpe=-3.21 (115s)
[lookback 3/12] lookback__l10__s2: sharpe=-0.08 net_sharpe=-3.23 (115s)
[lookback 4/12] lookback__l20__s0: sharpe=-0.29 net_sharpe=-3.57 (119s)
[lookback 5/12] lookback__l20__s1: sharpe=0.27 net_sharpe=-2.73 (94s)
[lookback 6/12] lookback__l20__s2: sharpe=-0.29 net_sharpe=-3.30 (92s)
[lookback 7/12] lookback__l30__s0: sharpe=0.63 net_sharpe=-2.35 (145s)
[lookback 8/12] lookback__l30__s1: sharpe=0.31 net_sharpe=-2.60 (176s)
[lookback 9/12] lookback__l30__s2: sharpe=0.52 net_sharpe=-2.45 (210s)
[lookback 10/12] lookback__l60__s0: sharpe=0.06 net_sharpe=-2.49 (439s)
[lookback 11/12] lookback__l60__s1: sharpe=0.36 net_sharpe=-2.16 (447s)
[lookback 12/12] lookback__l60__s2: sharpe=0.57 net_sharpe=-1.92 (379s)
Summary: /Users/vs_code/test/results/summary.csv
[architecture 1/12] architecture__d8_h4_drop25__s0: sharpe=0.63 net_sharpe=-2.35 (0s)
[architecture 2/12] architecture__d8_h4_drop25__s1: sharpe=0.31 net_sharpe=-2.60 (0s)
[architecture 3/12] architecture__d8_h4_drop25__s2: sharpe=0.52 net_sharpe=-2.45 (0s)
[architecture 4/12] architecture__d16_h4_ff32_drop50__s0: sharpe=-0.19 net_sharpe=-3.36 (172s)
[architecture 5/12] architecture__d16_h4_ff32_drop50__s1: sharpe=0.16 net_sharpe=-2.88 (142s)
[architecture 6/12] architecture__d16_h4_ff32_drop50__s2: sharpe=0.59 net_sharpe=-2.77 (169s)
[architecture 7/12] architecture__d8_h2__s0: sharpe=0.37 net_sharpe=-2.61 (114s)
[architecture 8/12] architecture__d8_h2__s1: sharpe=0.21 net_sharpe=-2.65 (114s)
[architecture 9/12] architecture__d8_h2__s2: sharpe=0.55 net_sharpe=-2.39 (100s)
[architecture 10/12] architecture__d8_h4_drop50__s0: sharpe=0.50 net_sharpe=-2.15 (145s)
[architecture 11/12] architecture__d8_h4_drop50__s1: sharpe=0.07 net_sharpe=-2.61 (145s)
[architecture 12/12] architecture__d8_h4_drop50__s2: sharpe=0.26 net_sharpe=-2.40 (144s)
[protocol 1/15] protocol__rolling_w1000__s0: sharpe=0.63 net_sharpe=-2.35 (0s)
[protocol 2/15] protocol__rolling_w1000__s1: sharpe=0.31 net_sharpe=-2.60 (0s)
[protocol 3/15] protocol__rolling_w1000__s2: sharpe=0.52 net_sharpe=-2.45 (0s)
[protocol 4/15] protocol__rolling_w500__s0: sharpe=0.03 net_sharpe=-2.73 (73s)
[protocol 5/15] protocol__rolling_w500__s1: sharpe=-0.19 net_sharpe=-3.07 (72s)
[protocol 6/15] protocol__rolling_w500__s2: sharpe=0.56 net_sharpe=-1.94 (72s)
[protocol 7/15] protocol__rolling_w750__s0: sharpe=0.19 net_sharpe=-2.63 (108s)
[protocol 8/15] protocol__rolling_w750__s1: sharpe=0.41 net_sharpe=-2.42 (108s)
[protocol 9/15] protocol__rolling_w750__s2: sharpe=0.66 net_sharpe=-2.09 (108s)
[protocol 10/15] protocol__constant_w1000__s0: sharpe=0.12 net_sharpe=-2.91 (13s)
[protocol 11/15] protocol__constant_w1000__s1: sharpe=0.36 net_sharpe=-2.58 (12s)
[protocol 12/15] protocol__constant_w1000__s2: sharpe=0.19 net_sharpe=-2.65 (12s)
[protocol 13/15] protocol__fixed_602020__s0: sharpe=-1.00 net_sharpe=-3.57 (21s)
[protocol 14/15] protocol__fixed_602020__s1: sharpe=0.16 net_sharpe=-1.41 (20s)
[protocol 15/15] protocol__fixed_602020__s2: sharpe=-0.75 net_sharpe=-3.02 (20s)
Summary: /Users/vs_code/test/results/summary.csv
